// Jest Snapshot v1, https://goo.gl/fbAQLP

exports[`matches snapshot 1`] = `
<DocumentFragment>
  <form>
    <label
      for="username"
    >
      Username
    </label>
    <input
      id="username"
      name="username"
      placeholder="username"
      type="text"
      value=""
    />
    <label
      for="email"
    >
      Email
    </label>
    <input
      id="email"
      name="email"
      placeholder="email"
      type="email"
      value=""
    />
    <button>
      Create User!
    </button>
  </form>
  <div />
</DocumentFragment>
`;
